------------------------------------------------------------
Timing Analyzer Summary
------------------------------------------------------------

Type  : Slow 1200mV 85C Model Setup 'u1|altpll_component|auto_generated|pll1|clk[1]'
Slack : 0.281
TNS   : 0.000

Type  : Slow 1200mV 85C Model Setup 'u0|altpll_component|auto_generated|pll1|clk[1]'
Slack : 1.350
TNS   : 0.000

Type  : Slow 1200mV 85C Model Setup 'sdrclk_out_clock'
Slack : 2.044
TNS   : 0.000

Type  : Slow 1200mV 85C Model Setup 'sdram_clock'
Slack : 3.244
TNS   : 0.000

Type  : Slow 1200mV 85C Model Setup 'u1|altpll_component|auto_generated|pll1|clk[0]'
Slack : 4.332
TNS   : 0.000

Type  : Slow 1200mV 85C Model Setup 'u0|altpll_component|auto_generated|pll1|clk[2]'
Slack : 29.553
TNS   : 0.000

Type  : Slow 1200mV 85C Model Setup 'altera_reserved_tck'
Slack : 46.007
TNS   : 0.000

Type  : Slow 1200mV 85C Model Setup 'u0|altpll_component|auto_generated|pll1|clk[3]'
Slack : 170.704
TNS   : 0.000

Type  : Slow 1200mV 85C Model Hold 'u0|altpll_component|auto_generated|pll1|clk[1]'
Slack : 0.432
TNS   : 0.000

Type  : Slow 1200mV 85C Model Hold 'u1|altpll_component|auto_generated|pll1|clk[0]'
Slack : 0.433
TNS   : 0.000

Type  : Slow 1200mV 85C Model Hold 'u0|altpll_component|auto_generated|pll1|clk[3]'
Slack : 0.436
TNS   : 0.000

Type  : Slow 1200mV 85C Model Hold 'u0|altpll_component|auto_generated|pll1|clk[2]'
Slack : 0.452
TNS   : 0.000

Type  : Slow 1200mV 85C Model Hold 'altera_reserved_tck'
Slack : 0.453
TNS   : 0.000

Type  : Slow 1200mV 85C Model Hold 'u1|altpll_component|auto_generated|pll1|clk[1]'
Slack : 0.464
TNS   : 0.000

Type  : Slow 1200mV 85C Model Hold 'sdrclk_out_clock'
Slack : 2.635
TNS   : 0.000

Type  : Slow 1200mV 85C Model Hold 'sdram_clock'
Slack : 4.503
TNS   : 0.000

Type  : Slow 1200mV 85C Model Recovery 'u0|altpll_component|auto_generated|pll1|clk[1]'
Slack : 4.867
TNS   : 0.000

Type  : Slow 1200mV 85C Model Recovery 'u1|altpll_component|auto_generated|pll1|clk[0]'
Slack : 10.359
TNS   : 0.000

Type  : Slow 1200mV 85C Model Recovery 'u0|altpll_component|auto_generated|pll1|clk[2]'
Slack : 34.524
TNS   : 0.000

Type  : Slow 1200mV 85C Model Recovery 'altera_reserved_tck'
Slack : 97.556
TNS   : 0.000

Type  : Slow 1200mV 85C Model Recovery 'u0|altpll_component|auto_generated|pll1|clk[3]'
Slack : 173.705
TNS   : 0.000

Type  : Slow 1200mV 85C Model Removal 'u0|altpll_component|auto_generated|pll1|clk[1]'
Slack : 1.142
TNS   : 0.000

Type  : Slow 1200mV 85C Model Removal 'u0|altpll_component|auto_generated|pll1|clk[3]'
Slack : 1.334
TNS   : 0.000

Type  : Slow 1200mV 85C Model Removal 'altera_reserved_tck'
Slack : 1.419
TNS   : 0.000

Type  : Slow 1200mV 85C Model Removal 'u1|altpll_component|auto_generated|pll1|clk[0]'
Slack : 1.647
TNS   : 0.000

Type  : Slow 1200mV 85C Model Removal 'u0|altpll_component|auto_generated|pll1|clk[2]'
Slack : 3.869
TNS   : 0.000

Type  : Slow 1200mV 85C Model Minimum Pulse Width 'u1|altpll_component|auto_generated|pll1|clk[1]'
Slack : 0.205
TNS   : 0.000

Type  : Slow 1200mV 85C Model Minimum Pulse Width 'u0|altpll_component|auto_generated|pll1|clk[1]'
Slack : 4.531
TNS   : 0.000

Type  : Slow 1200mV 85C Model Minimum Pulse Width 'u1|altpll_component|auto_generated|pll1|clk[0]'
Slack : 6.311
TNS   : 0.000

Type  : Slow 1200mV 85C Model Minimum Pulse Width 'DVP_PCLK'
Slack : 6.416
TNS   : 0.000

Type  : Slow 1200mV 85C Model Minimum Pulse Width 'CLOCK_50'
Slack : 9.832
TNS   : 0.000

Type  : Slow 1200mV 85C Model Minimum Pulse Width 'u0|altpll_component|auto_generated|pll1|clk[2]'
Slack : 19.689
TNS   : 0.000

Type  : Slow 1200mV 85C Model Minimum Pulse Width 'altera_reserved_tck'
Slack : 49.610
TNS   : 0.000

Type  : Slow 1200mV 85C Model Minimum Pulse Width 'u0|altpll_component|auto_generated|pll1|clk[3]'
Slack : 88.259
TNS   : 0.000

Type  : Slow 1200mV 0C Model Setup 'u1|altpll_component|auto_generated|pll1|clk[1]'
Slack : 0.443
TNS   : 0.000

Type  : Slow 1200mV 0C Model Setup 'u0|altpll_component|auto_generated|pll1|clk[1]'
Slack : 1.736
TNS   : 0.000

Type  : Slow 1200mV 0C Model Setup 'sdrclk_out_clock'
Slack : 2.245
TNS   : 0.000

Type  : Slow 1200mV 0C Model Setup 'sdram_clock'
Slack : 3.780
TNS   : 0.000

Type  : Slow 1200mV 0C Model Setup 'u1|altpll_component|auto_generated|pll1|clk[0]'
Slack : 4.831
TNS   : 0.000

Type  : Slow 1200mV 0C Model Setup 'u0|altpll_component|auto_generated|pll1|clk[2]'
Slack : 30.210
TNS   : 0.000

Type  : Slow 1200mV 0C Model Setup 'altera_reserved_tck'
Slack : 46.395
TNS   : 0.000

Type  : Slow 1200mV 0C Model Setup 'u0|altpll_component|auto_generated|pll1|clk[3]'
Slack : 170.991
TNS   : 0.000

Type  : Slow 1200mV 0C Model Hold 'u0|altpll_component|auto_generated|pll1|clk[1]'
Slack : 0.382
TNS   : 0.000

Type  : Slow 1200mV 0C Model Hold 'u1|altpll_component|auto_generated|pll1|clk[0]'
Slack : 0.382
TNS   : 0.000

Type  : Slow 1200mV 0C Model Hold 'u0|altpll_component|auto_generated|pll1|clk[3]'
Slack : 0.385
TNS   : 0.000

Type  : Slow 1200mV 0C Model Hold 'u0|altpll_component|auto_generated|pll1|clk[2]'
Slack : 0.400
TNS   : 0.000

Type  : Slow 1200mV 0C Model Hold 'altera_reserved_tck'
Slack : 0.402
TNS   : 0.000

Type  : Slow 1200mV 0C Model Hold 'u1|altpll_component|auto_generated|pll1|clk[1]'
Slack : 0.415
TNS   : 0.000

Type  : Slow 1200mV 0C Model Hold 'sdrclk_out_clock'
Slack : 2.503
TNS   : 0.000

Type  : Slow 1200mV 0C Model Hold 'sdram_clock'
Slack : 4.216
TNS   : 0.000

Type  : Slow 1200mV 0C Model Recovery 'u0|altpll_component|auto_generated|pll1|clk[1]'
Slack : 5.267
TNS   : 0.000

Type  : Slow 1200mV 0C Model Recovery 'u1|altpll_component|auto_generated|pll1|clk[0]'
Slack : 10.536
TNS   : 0.000

Type  : Slow 1200mV 0C Model Recovery 'u0|altpll_component|auto_generated|pll1|clk[2]'
Slack : 34.931
TNS   : 0.000

Type  : Slow 1200mV 0C Model Recovery 'altera_reserved_tck'
Slack : 97.711
TNS   : 0.000

Type  : Slow 1200mV 0C Model Recovery 'u0|altpll_component|auto_generated|pll1|clk[3]'
Slack : 173.919
TNS   : 0.000

Type  : Slow 1200mV 0C Model Removal 'u0|altpll_component|auto_generated|pll1|clk[1]'
Slack : 1.046
TNS   : 0.000

Type  : Slow 1200mV 0C Model Removal 'u0|altpll_component|auto_generated|pll1|clk[3]'
Slack : 1.195
TNS   : 0.000

Type  : Slow 1200mV 0C Model Removal 'altera_reserved_tck'
Slack : 1.275
TNS   : 0.000

Type  : Slow 1200mV 0C Model Removal 'u1|altpll_component|auto_generated|pll1|clk[0]'
Slack : 1.507
TNS   : 0.000

Type  : Slow 1200mV 0C Model Removal 'u0|altpll_component|auto_generated|pll1|clk[2]'
Slack : 3.476
TNS   : 0.000

Type  : Slow 1200mV 0C Model Minimum Pulse Width 'u1|altpll_component|auto_generated|pll1|clk[1]'
Slack : 0.205
TNS   : 0.000

Type  : Slow 1200mV 0C Model Minimum Pulse Width 'u0|altpll_component|auto_generated|pll1|clk[1]'
Slack : 4.553
TNS   : 0.000

Type  : Slow 1200mV 0C Model Minimum Pulse Width 'u1|altpll_component|auto_generated|pll1|clk[0]'
Slack : 6.340
TNS   : 0.000

Type  : Slow 1200mV 0C Model Minimum Pulse Width 'DVP_PCLK'
Slack : 6.416
TNS   : 0.000

Type  : Slow 1200mV 0C Model Minimum Pulse Width 'CLOCK_50'
Slack : 9.835
TNS   : 0.000

Type  : Slow 1200mV 0C Model Minimum Pulse Width 'u0|altpll_component|auto_generated|pll1|clk[2]'
Slack : 19.666
TNS   : 0.000

Type  : Slow 1200mV 0C Model Minimum Pulse Width 'altera_reserved_tck'
Slack : 49.519
TNS   : 0.000

Type  : Slow 1200mV 0C Model Minimum Pulse Width 'u0|altpll_component|auto_generated|pll1|clk[3]'
Slack : 88.239
TNS   : 0.000

Type  : Fast 1200mV 0C Model Setup 'u1|altpll_component|auto_generated|pll1|clk[1]'
Slack : 1.603
TNS   : 0.000

Type  : Fast 1200mV 0C Model Setup 'u0|altpll_component|auto_generated|pll1|clk[1]'
Slack : 2.734
TNS   : 0.000

Type  : Fast 1200mV 0C Model Setup 'sdrclk_out_clock'
Slack : 3.543
TNS   : 0.000

Type  : Fast 1200mV 0C Model Setup 'sdram_clock'
Slack : 5.854
TNS   : 0.000

Type  : Fast 1200mV 0C Model Setup 'u1|altpll_component|auto_generated|pll1|clk[0]'
Slack : 9.472
TNS   : 0.000

Type  : Fast 1200mV 0C Model Setup 'u0|altpll_component|auto_generated|pll1|clk[2]'
Slack : 35.474
TNS   : 0.000

Type  : Fast 1200mV 0C Model Setup 'altera_reserved_tck'
Slack : 48.653
TNS   : 0.000

Type  : Fast 1200mV 0C Model Setup 'u0|altpll_component|auto_generated|pll1|clk[3]'
Slack : 174.348
TNS   : 0.000

Type  : Fast 1200mV 0C Model Hold 'u0|altpll_component|auto_generated|pll1|clk[1]'
Slack : 0.155
TNS   : 0.000

Type  : Fast 1200mV 0C Model Hold 'u1|altpll_component|auto_generated|pll1|clk[0]'
Slack : 0.155
TNS   : 0.000

Type  : Fast 1200mV 0C Model Hold 'u0|altpll_component|auto_generated|pll1|clk[3]'
Slack : 0.179
TNS   : 0.000

Type  : Fast 1200mV 0C Model Hold 'altera_reserved_tck'
Slack : 0.186
TNS   : 0.000

Type  : Fast 1200mV 0C Model Hold 'u0|altpll_component|auto_generated|pll1|clk[2]'
Slack : 0.186
TNS   : 0.000

Type  : Fast 1200mV 0C Model Hold 'u1|altpll_component|auto_generated|pll1|clk[1]'
Slack : 0.193
TNS   : 0.000

Type  : Fast 1200mV 0C Model Hold 'sdrclk_out_clock'
Slack : 1.232
TNS   : 0.000

Type  : Fast 1200mV 0C Model Hold 'sdram_clock'
Slack : 2.675
TNS   : 0.000

Type  : Fast 1200mV 0C Model Recovery 'u0|altpll_component|auto_generated|pll1|clk[1]'
Slack : 7.438
TNS   : 0.000

Type  : Fast 1200mV 0C Model Recovery 'u1|altpll_component|auto_generated|pll1|clk[0]'
Slack : 12.063
TNS   : 0.000

Type  : Fast 1200mV 0C Model Recovery 'u0|altpll_component|auto_generated|pll1|clk[2]'
Slack : 37.283
TNS   : 0.000

Type  : Fast 1200mV 0C Model Recovery 'altera_reserved_tck'
Slack : 98.903
TNS   : 0.000

Type  : Fast 1200mV 0C Model Recovery 'u0|altpll_component|auto_generated|pll1|clk[3]'
Slack : 175.617
TNS   : 0.000

Type  : Fast 1200mV 0C Model Removal 'u0|altpll_component|auto_generated|pll1|clk[1]'
Slack : 0.485
TNS   : 0.000

Type  : Fast 1200mV 0C Model Removal 'u0|altpll_component|auto_generated|pll1|clk[3]'
Slack : 0.554
TNS   : 0.000

Type  : Fast 1200mV 0C Model Removal 'altera_reserved_tck'
Slack : 0.584
TNS   : 0.000

Type  : Fast 1200mV 0C Model Removal 'u1|altpll_component|auto_generated|pll1|clk[0]'
Slack : 0.702
TNS   : 0.000

Type  : Fast 1200mV 0C Model Removal 'u0|altpll_component|auto_generated|pll1|clk[2]'
Slack : 1.796
TNS   : 0.000

Type  : Fast 1200mV 0C Model Minimum Pulse Width 'u1|altpll_component|auto_generated|pll1|clk[1]'
Slack : 0.692
TNS   : 0.000

Type  : Fast 1200mV 0C Model Minimum Pulse Width 'u0|altpll_component|auto_generated|pll1|clk[1]'
Slack : 4.732
TNS   : 0.000

Type  : Fast 1200mV 0C Model Minimum Pulse Width 'DVP_PCLK'
Slack : 6.416
TNS   : 0.000

Type  : Fast 1200mV 0C Model Minimum Pulse Width 'u1|altpll_component|auto_generated|pll1|clk[0]'
Slack : 6.466
TNS   : 0.000

Type  : Fast 1200mV 0C Model Minimum Pulse Width 'CLOCK_50'
Slack : 9.423
TNS   : 0.000

Type  : Fast 1200mV 0C Model Minimum Pulse Width 'u0|altpll_component|auto_generated|pll1|clk[2]'
Slack : 19.770
TNS   : 0.000

Type  : Fast 1200mV 0C Model Minimum Pulse Width 'altera_reserved_tck'
Slack : 49.343
TNS   : 0.000

Type  : Fast 1200mV 0C Model Minimum Pulse Width 'u0|altpll_component|auto_generated|pll1|clk[3]'
Slack : 88.306
TNS   : 0.000

------------------------------------------------------------
