------------------------------------------------------------
Timing Analyzer Summary
------------------------------------------------------------

Type  : Slow 1200mV 85C Model Setup 'u0|altpll_component|auto_generated|pll1|clk[1]'
Slack : 0.403
TNS   : 0.000

Type  : Slow 1200mV 85C Model Setup 'u1|altpll_component|auto_generated|pll1|clk[1]'
Slack : 0.416
TNS   : 0.000

Type  : Slow 1200mV 85C Model Setup 'sdrclk_out_clock'
Slack : 2.026
TNS   : 0.000

Type  : Slow 1200mV 85C Model Setup 'sdram_clock'
Slack : 3.251
TNS   : 0.000

Type  : Slow 1200mV 85C Model Setup 'u1|altpll_component|auto_generated|pll1|clk[0]'
Slack : 4.236
TNS   : 0.000

Type  : Slow 1200mV 85C Model Setup 'u0|altpll_component|auto_generated|pll1|clk[2]'
Slack : 27.009
TNS   : 0.000

Type  : Slow 1200mV 85C Model Setup 'altera_reserved_tck'
Slack : 45.405
TNS   : 0.000

Type  : Slow 1200mV 85C Model Setup 'u0|altpll_component|auto_generated|pll1|clk[3]'
Slack : 171.424
TNS   : 0.000

Type  : Slow 1200mV 85C Model Hold 'u1|altpll_component|auto_generated|pll1|clk[0]'
Slack : 0.415
TNS   : 0.000

Type  : Slow 1200mV 85C Model Hold 'u0|altpll_component|auto_generated|pll1|clk[1]'
Slack : 0.431
TNS   : 0.000

Type  : Slow 1200mV 85C Model Hold 'u0|altpll_component|auto_generated|pll1|clk[3]'
Slack : 0.436
TNS   : 0.000

Type  : Slow 1200mV 85C Model Hold 'altera_reserved_tck'
Slack : 0.452
TNS   : 0.000

Type  : Slow 1200mV 85C Model Hold 'u0|altpll_component|auto_generated|pll1|clk[2]'
Slack : 0.453
TNS   : 0.000

Type  : Slow 1200mV 85C Model Hold 'u1|altpll_component|auto_generated|pll1|clk[1]'
Slack : 0.464
TNS   : 0.000

Type  : Slow 1200mV 85C Model Hold 'sdrclk_out_clock'
Slack : 2.655
TNS   : 0.000

Type  : Slow 1200mV 85C Model Hold 'sdram_clock'
Slack : 4.503
TNS   : 0.000

Type  : Slow 1200mV 85C Model Recovery 'u0|altpll_component|auto_generated|pll1|clk[1]'
Slack : 4.729
TNS   : 0.000

Type  : Slow 1200mV 85C Model Recovery 'u1|altpll_component|auto_generated|pll1|clk[0]'
Slack : 10.367
TNS   : 0.000

Type  : Slow 1200mV 85C Model Recovery 'u0|altpll_component|auto_generated|pll1|clk[2]'
Slack : 34.854
TNS   : 0.000

Type  : Slow 1200mV 85C Model Recovery 'altera_reserved_tck'
Slack : 97.440
TNS   : 0.000

Type  : Slow 1200mV 85C Model Recovery 'u0|altpll_component|auto_generated|pll1|clk[3]'
Slack : 173.734
TNS   : 0.000

Type  : Slow 1200mV 85C Model Removal 'u1|altpll_component|auto_generated|pll1|clk[0]'
Slack : 1.092
TNS   : 0.000

Type  : Slow 1200mV 85C Model Removal 'u0|altpll_component|auto_generated|pll1|clk[1]'
Slack : 1.325
TNS   : 0.000

Type  : Slow 1200mV 85C Model Removal 'u0|altpll_component|auto_generated|pll1|clk[3]'
Slack : 1.673
TNS   : 0.000

Type  : Slow 1200mV 85C Model Removal 'altera_reserved_tck'
Slack : 1.723
TNS   : 0.000

Type  : Slow 1200mV 85C Model Removal 'u0|altpll_component|auto_generated|pll1|clk[2]'
Slack : 3.816
TNS   : 0.000

Type  : Slow 1200mV 85C Model Minimum Pulse Width 'u1|altpll_component|auto_generated|pll1|clk[1]'
Slack : 0.205
TNS   : 0.000

Type  : Slow 1200mV 85C Model Minimum Pulse Width 'u0|altpll_component|auto_generated|pll1|clk[1]'
Slack : 4.531
TNS   : 0.000

Type  : Slow 1200mV 85C Model Minimum Pulse Width 'u1|altpll_component|auto_generated|pll1|clk[0]'
Slack : 6.262
TNS   : 0.000

Type  : Slow 1200mV 85C Model Minimum Pulse Width 'DVP_PCLK'
Slack : 6.416
TNS   : 0.000

Type  : Slow 1200mV 85C Model Minimum Pulse Width 'CLOCK_50'
Slack : 9.832
TNS   : 0.000

Type  : Slow 1200mV 85C Model Minimum Pulse Width 'u0|altpll_component|auto_generated|pll1|clk[2]'
Slack : 19.690
TNS   : 0.000

Type  : Slow 1200mV 85C Model Minimum Pulse Width 'altera_reserved_tck'
Slack : 49.599
TNS   : 0.000

Type  : Slow 1200mV 85C Model Minimum Pulse Width 'u0|altpll_component|auto_generated|pll1|clk[3]'
Slack : 88.262
TNS   : 0.000

Type  : Slow 1200mV 0C Model Setup 'u1|altpll_component|auto_generated|pll1|clk[1]'
Slack : 0.560
TNS   : 0.000

Type  : Slow 1200mV 0C Model Setup 'u0|altpll_component|auto_generated|pll1|clk[1]'
Slack : 1.142
TNS   : 0.000

Type  : Slow 1200mV 0C Model Setup 'sdrclk_out_clock'
Slack : 2.228
TNS   : 0.000

Type  : Slow 1200mV 0C Model Setup 'sdram_clock'
Slack : 3.788
TNS   : 0.000

Type  : Slow 1200mV 0C Model Setup 'u1|altpll_component|auto_generated|pll1|clk[0]'
Slack : 4.816
TNS   : 0.000

Type  : Slow 1200mV 0C Model Setup 'u0|altpll_component|auto_generated|pll1|clk[2]'
Slack : 27.780
TNS   : 0.000

Type  : Slow 1200mV 0C Model Setup 'altera_reserved_tck'
Slack : 45.821
TNS   : 0.000

Type  : Slow 1200mV 0C Model Setup 'u0|altpll_component|auto_generated|pll1|clk[3]'
Slack : 171.766
TNS   : 0.000

Type  : Slow 1200mV 0C Model Hold 'u0|altpll_component|auto_generated|pll1|clk[1]'
Slack : 0.380
TNS   : 0.000

Type  : Slow 1200mV 0C Model Hold 'u0|altpll_component|auto_generated|pll1|clk[3]'
Slack : 0.385
TNS   : 0.000

Type  : Slow 1200mV 0C Model Hold 'u1|altpll_component|auto_generated|pll1|clk[0]'
Slack : 0.400
TNS   : 0.000

Type  : Slow 1200mV 0C Model Hold 'altera_reserved_tck'
Slack : 0.401
TNS   : 0.000

Type  : Slow 1200mV 0C Model Hold 'u0|altpll_component|auto_generated|pll1|clk[2]'
Slack : 0.401
TNS   : 0.000

Type  : Slow 1200mV 0C Model Hold 'u1|altpll_component|auto_generated|pll1|clk[1]'
Slack : 0.415
TNS   : 0.000

Type  : Slow 1200mV 0C Model Hold 'sdrclk_out_clock'
Slack : 2.524
TNS   : 0.000

Type  : Slow 1200mV 0C Model Hold 'sdram_clock'
Slack : 4.216
TNS   : 0.000

Type  : Slow 1200mV 0C Model Recovery 'u0|altpll_component|auto_generated|pll1|clk[1]'
Slack : 5.087
TNS   : 0.000

Type  : Slow 1200mV 0C Model Recovery 'u1|altpll_component|auto_generated|pll1|clk[0]'
Slack : 10.562
TNS   : 0.000

Type  : Slow 1200mV 0C Model Recovery 'u0|altpll_component|auto_generated|pll1|clk[2]'
Slack : 35.204
TNS   : 0.000

Type  : Slow 1200mV 0C Model Recovery 'altera_reserved_tck'
Slack : 97.612
TNS   : 0.000

Type  : Slow 1200mV 0C Model Recovery 'u0|altpll_component|auto_generated|pll1|clk[3]'
Slack : 173.915
TNS   : 0.000

Type  : Slow 1200mV 0C Model Removal 'u1|altpll_component|auto_generated|pll1|clk[0]'
Slack : 0.945
TNS   : 0.000

Type  : Slow 1200mV 0C Model Removal 'u0|altpll_component|auto_generated|pll1|clk[1]'
Slack : 1.187
TNS   : 0.000

Type  : Slow 1200mV 0C Model Removal 'u0|altpll_component|auto_generated|pll1|clk[3]'
Slack : 1.526
TNS   : 0.000

Type  : Slow 1200mV 0C Model Removal 'altera_reserved_tck'
Slack : 1.563
TNS   : 0.000

Type  : Slow 1200mV 0C Model Removal 'u0|altpll_component|auto_generated|pll1|clk[2]'
Slack : 3.400
TNS   : 0.000

Type  : Slow 1200mV 0C Model Minimum Pulse Width 'u1|altpll_component|auto_generated|pll1|clk[1]'
Slack : 0.205
TNS   : 0.000

Type  : Slow 1200mV 0C Model Minimum Pulse Width 'u0|altpll_component|auto_generated|pll1|clk[1]'
Slack : 4.553
TNS   : 0.000

Type  : Slow 1200mV 0C Model Minimum Pulse Width 'u1|altpll_component|auto_generated|pll1|clk[0]'
Slack : 6.279
TNS   : 0.000

Type  : Slow 1200mV 0C Model Minimum Pulse Width 'DVP_PCLK'
Slack : 6.416
TNS   : 0.000

Type  : Slow 1200mV 0C Model Minimum Pulse Width 'CLOCK_50'
Slack : 9.835
TNS   : 0.000

Type  : Slow 1200mV 0C Model Minimum Pulse Width 'u0|altpll_component|auto_generated|pll1|clk[2]'
Slack : 19.668
TNS   : 0.000

Type  : Slow 1200mV 0C Model Minimum Pulse Width 'altera_reserved_tck'
Slack : 49.511
TNS   : 0.000

Type  : Slow 1200mV 0C Model Minimum Pulse Width 'u0|altpll_component|auto_generated|pll1|clk[3]'
Slack : 88.239
TNS   : 0.000

Type  : Fast 1200mV 0C Model Setup 'u1|altpll_component|auto_generated|pll1|clk[1]'
Slack : 1.682
TNS   : 0.000

Type  : Fast 1200mV 0C Model Setup 'u0|altpll_component|auto_generated|pll1|clk[1]'
Slack : 2.734
TNS   : 0.000

Type  : Fast 1200mV 0C Model Setup 'sdrclk_out_clock'
Slack : 3.535
TNS   : 0.000

Type  : Fast 1200mV 0C Model Setup 'sdram_clock'
Slack : 5.861
TNS   : 0.000

Type  : Fast 1200mV 0C Model Setup 'u1|altpll_component|auto_generated|pll1|clk[0]'
Slack : 9.431
TNS   : 0.000

Type  : Fast 1200mV 0C Model Setup 'u0|altpll_component|auto_generated|pll1|clk[2]'
Slack : 34.284
TNS   : 0.000

Type  : Fast 1200mV 0C Model Setup 'altera_reserved_tck'
Slack : 48.436
TNS   : 0.000

Type  : Fast 1200mV 0C Model Setup 'u0|altpll_component|auto_generated|pll1|clk[3]'
Slack : 174.685
TNS   : 0.000

Type  : Fast 1200mV 0C Model Hold 'u1|altpll_component|auto_generated|pll1|clk[0]'
Slack : 0.139
TNS   : 0.000

Type  : Fast 1200mV 0C Model Hold 'u0|altpll_component|auto_generated|pll1|clk[1]'
Slack : 0.155
TNS   : 0.000

Type  : Fast 1200mV 0C Model Hold 'u0|altpll_component|auto_generated|pll1|clk[3]'
Slack : 0.179
TNS   : 0.000

Type  : Fast 1200mV 0C Model Hold 'altera_reserved_tck'
Slack : 0.186
TNS   : 0.000

Type  : Fast 1200mV 0C Model Hold 'u0|altpll_component|auto_generated|pll1|clk[2]'
Slack : 0.186
TNS   : 0.000

Type  : Fast 1200mV 0C Model Hold 'u1|altpll_component|auto_generated|pll1|clk[1]'
Slack : 0.193
TNS   : 0.000

Type  : Fast 1200mV 0C Model Hold 'sdrclk_out_clock'
Slack : 1.239
TNS   : 0.000

Type  : Fast 1200mV 0C Model Hold 'sdram_clock'
Slack : 2.675
TNS   : 0.000

Type  : Fast 1200mV 0C Model Recovery 'u0|altpll_component|auto_generated|pll1|clk[1]'
Slack : 7.531
TNS   : 0.000

Type  : Fast 1200mV 0C Model Recovery 'u1|altpll_component|auto_generated|pll1|clk[0]'
Slack : 12.047
TNS   : 0.000

Type  : Fast 1200mV 0C Model Recovery 'u0|altpll_component|auto_generated|pll1|clk[2]'
Slack : 37.614
TNS   : 0.000

Type  : Fast 1200mV 0C Model Recovery 'altera_reserved_tck'
Slack : 98.836
TNS   : 0.000

Type  : Fast 1200mV 0C Model Recovery 'u0|altpll_component|auto_generated|pll1|clk[3]'
Slack : 175.540
TNS   : 0.000

Type  : Fast 1200mV 0C Model Removal 'u1|altpll_component|auto_generated|pll1|clk[0]'
Slack : 0.462
TNS   : 0.000

Type  : Fast 1200mV 0C Model Removal 'u0|altpll_component|auto_generated|pll1|clk[1]'
Slack : 0.549
TNS   : 0.000

Type  : Fast 1200mV 0C Model Removal 'u0|altpll_component|auto_generated|pll1|clk[3]'
Slack : 0.708
TNS   : 0.000

Type  : Fast 1200mV 0C Model Removal 'altera_reserved_tck'
Slack : 0.713
TNS   : 0.000

Type  : Fast 1200mV 0C Model Removal 'u0|altpll_component|auto_generated|pll1|clk[2]'
Slack : 1.722
TNS   : 0.000

Type  : Fast 1200mV 0C Model Minimum Pulse Width 'u1|altpll_component|auto_generated|pll1|clk[1]'
Slack : 0.692
TNS   : 0.000

Type  : Fast 1200mV 0C Model Minimum Pulse Width 'u0|altpll_component|auto_generated|pll1|clk[1]'
Slack : 4.732
TNS   : 0.000

Type  : Fast 1200mV 0C Model Minimum Pulse Width 'DVP_PCLK'
Slack : 6.416
TNS   : 0.000

Type  : Fast 1200mV 0C Model Minimum Pulse Width 'u1|altpll_component|auto_generated|pll1|clk[0]'
Slack : 6.464
TNS   : 0.000

Type  : Fast 1200mV 0C Model Minimum Pulse Width 'CLOCK_50'
Slack : 9.423
TNS   : 0.000

Type  : Fast 1200mV 0C Model Minimum Pulse Width 'u0|altpll_component|auto_generated|pll1|clk[2]'
Slack : 19.773
TNS   : 0.000

Type  : Fast 1200mV 0C Model Minimum Pulse Width 'altera_reserved_tck'
Slack : 49.329
TNS   : 0.000

Type  : Fast 1200mV 0C Model Minimum Pulse Width 'u0|altpll_component|auto_generated|pll1|clk[3]'
Slack : 88.306
TNS   : 0.000

------------------------------------------------------------
